Игра началась. Загадано слово: солод
Словарь загружен. Доступно слов: 4159
Ошибка: неверная длина слова - "йцвджважй"
Ошибка: неверная длина слова - "уайцжад2у"
Ошибка: неверная длина слова - "а"
Выдана подсказка: унион
Словарь был отфильтрован, доступно: 332 слов
Ход 1: унион -> ---+-
Выдана подсказка: повод
Словарь был отфильтрован, доступно: 6 слов
Ход 2: повод -> -+-++
Ошибка: неверная длина слова - "а2лдуж"
Выдана подсказка: холод
Словарь был отфильтрован, доступно: 2 слов
Ход 3: холод -> -++++
Выдана подсказка: голод
Словарь был отфильтрован, доступно: 1 слов
Ход 4: голод -> -++++
Выдана подсказка: солод
Словарь был отфильтрован, доступно: 0 слов
Ход 5: солод -> +++++
Победа за 5 шагов.
